C51 COMPILER V9.54   BITEK                                                                 10/20/2015 11:39:05 PAGE 1   


C51 COMPILER V9.54, COMPILATION OF MODULE BITEK
OBJECT MODULE PLACED IN .\OBJ\BITEK.obj
COMPILER INVOKED BY: C:\Keil_v5\C51\BIN\C51.EXE BITEK.C OPTIMIZE(9,SIZE) REGFILE(.\OBJ\TEST_CVRI.ORC) BROWSE NOAREGS PRI
                    -NT(.\LST\BITEK.lst) TABS(2) OBJECT(.\OBJ\BITEK.obj)

line level    source

   1          /* **********************************************************************
   2          
   3                   Copyright (c) 2002-2013 Beyond Innovation Technology Co., Ltd
   4          
   5                  All rights are reserved. Reproduction in whole or in parts is
   6              prohibited without the prior written consent of the copyright owner.
   7          
   8             ----------------------------------------------------------------------
   9              Software License Agreement
  10          
  11              The software supplied herewith by Beyond Innovation Technology Co., Ltd
  12              (the "Company") is intended and supplied to you, the Company's
  13              customer, for use solely and exclusively on BiTEK products.
  14          
  15              The software is owned by the Company and/or its supplier, and is
  16              protected under applicable copyright laws. All rights are reserved.
  17              Any use in violation of the foregoing restrictions may subject the
  18              user to criminal sanctions under applicable laws, as well as to
  19              civil liability for the breach of the terms and conditions of this
  20              license.
  21          
  22              THIS SOFTWARE IS PROVIDED IN AN "AS IS" CONDITION. NO WARRANTIES,
  23              WHETHER EXPRESS, IMPLIED OR STATUTORY, INCLUDING, BUT NOT LIMITED
  24              TO, IMPLIED WARRANTIES OF MERCHANTABILITY AND FITNESS FOR A
  25              PARTICULAR PURPOSE APPLY TO THIS SOFTWARE. THE COMPANY SHALL NOT,
  26              IN ANY CIRCUMSTANCES, BE LIABLE FOR SPECIAL, INCIDENTAL OR
  27              CONSEQUENTIAL DAMAGES, FOR ANY REASON WHATSOEVER.
  28          
  29             ----------------------------------------------------------------------
  30          
  31              Module: BITEK.C - BITEK.
  32          
  33              Purpose: Implementation of BITEK module.
  34          
  35              Version: 0.01                                   04:28PM  2013/03/18
  36          
  37              Compiler: Keil 8051 C Compiler v9.51
  38          
  39              Reference:
  40          
  41             ----------------------------------------------------------------------
  42              Modification:
  43          
  44              v0.01 04:28PM  2013/03/18 Jeffrey Chang
  45              Reason:
  46                  1. Original.
  47              Solution:
  48          
  49             ********************************************************************** */
  50          
  51          
  52          #define _BITEK_C_
  53          
  54          
C51 COMPILER V9.54   BITEK                                                                 10/20/2015 11:39:05 PAGE 2   

  55          /* ------------------------------------
  56              Header Files
  57             ------------------------------------ */
  58          #include "bitek.h"
  59          #include "common.h"
  60          
  61          #define SFR_IDA     0x94
  62          
  63          /* ------------------------------------
  64              Macro Definitions
  65             ------------------------------------ */
  66          #define BITEK_ASM   0
  67          
  68          #if (BITEK_ASM)
              #pragma SRC
              #endif
  71          
  72          
  73          /* ------------------------------------
  74              Type Definitions
  75             ------------------------------------ */
  76          
  77          
  78          /* ------------------------------------
  79              Variables Definitions
  80             ------------------------------------ */
  81          
  82          /* ------------------------------------
  83              Function Prototypes
  84             ------------------------------------ */
  85          
  86          
  87          #if (BITEK_INIT)
              /* -------------------------------------------------------------------
                  Name: BITEK_Init -
                  Purpose: To initialize the BITEK module.
                  Passed: None.
                  Returns: None.
                  Notes:
                ------------------------------------------------------------------- */
              void BITEK_Init (void)
              {
              } /* BITEK_Init */
              #endif
  99          
 100          
 101          
 102          #if (BITEK_RX_BYTE)
              /* -------------------------------------------------------------------
                  Name: BITEK_RxByte -
                  Purpose: To receive one byte data from BiTEKbus slave device.
                  Passed:
                      UB8     bSLA    = BITEK slave address.
                      UW16    wREG    = BITEK register address.
                  Returns: One byte received data.
                  Notes:
                 ------------------------------------------------------------------- */
              UB8 BITEK_RxByte (UW16 wREG)           /* BITEK register address */
              {
                  return( BITEK_REGS_RAM[ wREG ] );
              } /* BITEK_RxByte */
              #endif
C51 COMPILER V9.54   BITEK                                                                 10/20/2015 11:39:05 PAGE 3   

 117          
 118          
 119          #if (BITEK_TX_BURST)
 120          /* -------------------------------------------------------------------
 121              Name: BITEK_TxBurst -
 122              Purpose: To transmit bulk data to BiTEK registers.
 123              Passed:
 124                  UW16 wREG       = starting register address
 125                  UB8  bCNT       = The number of data which will be transmitted (0..255)
 126                  UB8  *pbDATA    = The pointer which points to the first data item.
 127                      excluding slave and register address (wCNT: 1..65535).
 128              Returns: None.
 129              Notes:
 130             ------------------------------------------------------------------- */
 131          void BITEK_TxBurst (
 132          UW16        wREG,          /* BITEK starting register address */
 133          UB8         bCNT,          /* The number of data which will be transmitted */
 134          UB8 CODE    *pbDATA        /* Point to the first DATA item */
 135          )
 136          {
 137   1      #if (BITEK_ASM)
              
                      #pragma asm
                      MOV     A,          R6
                      MOV     SFR_IDA,    A
              
                      MOV     A,      R7
                      MOV     R1,     A
              
                      MOV     DPH,    R2
                      MOV     DPL,    R3
              
              
              LABEL_BITEK_TxBurst:
                      CLR     A
                      MOVC    A,      @A + DPTR
                      MOVX    @R1,    A
              
                      INC     DPTR
                      INC     R1
                      DJNZ    R5,     LABEL_BITEK_TxBurst
              
                      #pragma endasm
              #else
 161   1      
 162   1          //////////////////////////////////////////////////////////////////
 163   1          // CODE SIZE: 0x2F
 164   1          for (; bCNT; bCNT--)
 165   1          {
 166   2              BITEK_REGS_RAM[ wREG++ ] = *pbDATA++;
 167   2          }
 168   1          //////////////////////////////////////////////////////////////////
 169   1      
 170   1      #endif
 171   1      
 172   1      } /* BITEK_TxBurst */
 173          #endif
 174          
 175          
 176          #if (BITEK_TX_REPEAT)
 177          /* -------------------------------------------------------------------
 178              Name: BITEK_TxRepeat -
C51 COMPILER V9.54   BITEK                                                                 10/20/2015 11:39:05 PAGE 4   

 179              Purpose: To transmit the same data to BiTEKbus slave device repeatly.
 180              Passed:
 181                  UW16 wREG   = BiTEKbus register address.
 182                  UB8  bCNT   = The number of data which will be transmitted (0..255)
 183                  UB8  bDATA  = The repeated data.
 184              Returns: None.
 185              Notes:
 186             ------------------------------------------------------------------- */
 187          void BITEK_TxRepeat (
 188          UW16 wREG,          /* BITEK register address */
 189          UB8  bCNT,          /* The number of data which will be transmitted */
 190          UB8  bDATA          /* The repeated DATA */
 191          )
 192          {
 193   1      #if (BITEK_ASM)
              
                      #pragma asm
                      MOV     DPH,    R6
                      MOV     DPL,    R7
              
                      MOV     A,      R3
              
              LABEL_BITEK_TxRepeat:
                      MOVX    @DPTR,  A
                      INC     DPTR
                      DJNZ    R5,     LABEL_BITEK_TxRepeat
              
                      #pragma endasm
              #else
 208   1      
 209   1          //////////////////////////////////////////////////////////////////
 210   1          // CODE SIZE: 0x1F
 211   1          while (bCNT--)
 212   1              BITEK_REGS_RAM[ wREG++ ] = bDATA;
 213   1          //////////////////////////////////////////////////////////////////
 214   1      
 215   1      #endif
 216   1      
 217   1      } /* BITEK_TxRepeat */
 218          #endif // BITEK_TX_REPEAT
 219          
 220          
 221          #if (BITEK_TX_BYTE)
              /* -------------------------------------------------------------------
                  Name: BITEK_TxByte -
                  Purpose: To transmit one word data to BiTEKbus slave device.
                  Passed:
                      UB8  bSLA   = BiTEKbus slave address.
                      UW16 wREG   = BiTEKbus register address.
                      UB8  bDATA  = One word transmitted data.
                  Returns: None.
                  Notes: To send LSB first and then MSB.
                 ------------------------------------------------------------------- */
              void BITEK_TxByte (
              UW16 wREG,          /* BITEK register address */
              UB8  bDATA          /* DATA item */
              )
              {
                  BITEK_REGS_RAM[ wREG ] = bDATA;
              } /* BITEK_TxByte */
              #endif
 240          
C51 COMPILER V9.54   BITEK                                                                 10/20/2015 11:39:05 PAGE 5   

 241          
 242          /* -------------------------------------------------------------------
 243              Name:  -
 244              Purpose: .
 245              Passed: None.
 246              Returns: None.
 247              Notes:
 248             ------------------------------------------------------------------- */
 249          
 250          
 251          /* **********************************************************************
 252          
 253              Description:
 254          
 255          
 256             ********************************************************************** */
 257          
 258          /* %% End Of File %%%%%%%%%%%%%%%%%%%%%%%%%%%%%%%%%%%%%%%%%%%%%%%%%%%%%%% */
 259          


MODULE INFORMATION:   STATIC OVERLAYABLE
   CODE SIZE        =     78    ----
   CONSTANT SIZE    =   ----    ----
   XDATA SIZE       =   ----    ----
   PDATA SIZE       =   ----    ----
   DATA SIZE        =   ----       4
   IDATA SIZE       =   ----    ----
   BIT SIZE         =   ----    ----
END OF MODULE INFORMATION.


C51 COMPILATION COMPLETE.  0 WARNING(S),  0 ERROR(S)
