C51 COMPILER V9.54   MAIN                                                                  10/20/2015 11:39:08 PAGE 1   


C51 COMPILER V9.54, COMPILATION OF MODULE MAIN
OBJECT MODULE PLACED IN .\OBJ\MAIN.obj
COMPILER INVOKED BY: C:\Keil_v5\C51\BIN\C51.EXE MAIN.C OPTIMIZE(9,SIZE) REGFILE(.\OBJ\TEST_CVRI.ORC) BROWSE NOAREGS PRIN
                    -T(.\LST\MAIN.lst) TABS(2) OBJECT(.\OBJ\MAIN.obj)

line level    source

   1          /* **********************************************************************
   2          
   3                   Copyright (c) 2002-2013 Beyond Innovation Technology Co., Ltd
   4          
   5                   All rights are reserved. Reproduction in whole or in parts is
   6              prohibited without the prior written consent of the copyright owner.
   7          
   8             ----------------------------------------------------------------------
   9              Software License Agreement
  10          
  11              The software supplied herewith by Beyond Innovation Technology Co., Ltd
  12              (the "Company") is intended and supplied to you, the Company's
  13              customer, for use solely and exclusively on BiTEK products.
  14          
  15              The software is owned by the Company and/or its supplier, and is
  16              protected under applicable copyright laws. All rights are reserved.
  17              Any use in violation of the foregoing restrictions may subject the
  18              user to criminal sanctions under applicable laws, as well as to
  19              civil liability for the breach of the terms and conditions of this
  20              license.
  21          
  22              THIS SOFTWARE IS PROVIDED IN AN "AS IS" CONDITION. NO WARRANTIES,
  23              WHETHER EXPRESS, IMPLIED OR STATUTORY, INCLUDING, BUT NOT LIMITED
  24              TO, IMPLIED WARRANTIES OF MERCHANTABILITY AND FITNESS FOR A
  25              PARTICULAR PURPOSE APPLY TO THIS SOFTWARE. THE COMPANY SHALL NOT,
  26              IN ANY CIRCUMSTANCES, BE LIABLE FOR SPECIAL, INCIDENTAL OR
  27              CONSEQUENTIAL DAMAGES, FOR ANY REASON WHATSOEVER.
  28          
  29             ----------------------------------------------------------------------
  30          
  31              Module: MAIN.C -
  32          
  33              Purpose: Implementation of MAIN module.
  34          
  35              Version: 0.02                                   06:45PM  2013/04/12
  36          
  37              Compiler: Keil 8051 C Compiler v9.51
  38          
  39              Reference:
  40          
  41             ----------------------------------------------------------------------
  42              Modification:
  43          
  44              v0.01 04:31PM  2013/03/18 Jeffrey Chang
  45              Reason:
  46                  1. Original.
  47              Solution:
  48          
  49             ----------------------------------------------------------------------
  50              v0.02 06:15PM  2013/04/12 Jeffrey Chang
  51              Reason:
  52                  1. To revise for BIT1629B_HB070AM18512A_20130412_02.bin.
  53              Solution:
  54          
C51 COMPILER V9.54   MAIN                                                                  10/20/2015 11:39:08 PAGE 2   

  55              ********************************************************************** */
  56          
  57          #define _MAIN_C_
  58          
  59          
  60          /* ------------------------------------
  61              Header Files
  62             ------------------------------------ */
  63          #include "bit1618c.h"
  64          #include "bitek.h"
  65          #include "main.h"
  66          #include "mcu.h"
  67          #include "osd.h"
  68          #include "por.h"
  69          #include "saradc.h"
  70          #include "timer.h"
  71          #include "vp.h"
  72          
  73          
  74          /* ------------------------------------
  75              Macro Definitions
  76             ------------------------------------ */
  77          // VID1124-110-174 + HSD HB070AM18512A 7" (800 (H) x RGB x 480 (V))
  78          //; //////////////////////////////////////////////////////////////////////////////
  79          //;24C16 = 07h,24C32 = 87h        OVER 400KHz
  80          //;24C16 = 08h,24C32 = 88h
  81          #define SPEED_24C16     0x08
  82          #define SPEED_24C32     0x88
  83          #define EEPROM_SPEED    SPEED_24C32
  84          
  85          #define VERSION_DATE        __DATE2__
  86          #define VERSION_TIME        __TIME__
  87          #define VERSION_CODE        "v0.02"
  88          #define VERSION_MESSAGE     "BIT1618C CVRINT" VERSION_CODE
  89          
  90          /* ------------------------------------
  91              Type Definitions
  92             ------------------------------------ */
  93          
  94          /* ------------------------------------
  95              Variables Definitions
  96             ------------------------------------ */
  97          
  98          /* ------------------------------------
  99              Function Prototypes
 100             ------------------------------------ */
 101          
 102          /* -------------------------------------------------------------------
 103              Name: DISPATCH_Task_BL_CNT -
 104              Purpose: To execute DISPATCH Task of BL.
 105              Passed: None.
 106              Returns: None.
 107              Notes:
 108             ------------------------------------------------------------------- */
 109          void DISPATCH_Task_BL_CNT (void)
 110          {
 111   1          UB8 CODE abDate[] =
 112   1          {
 113   1              VERSION_TIME " " VERSION_DATE
 114   1        };
 115   1      
 116   1          UB8 CODE abVersion[] =
C51 COMPILER V9.54   MAIN                                                                  10/20/2015 11:39:08 PAGE 3   

 117   1          {
 118   1              VERSION_MESSAGE
 119   1          };
 120   1      
 121   1      
 122   1          BITEK_TxRepeat(VP_SHOW_OSD2, OSD2_AREA, FONT_20_BLANK);
 123   1      
 124   1          // Show DATE string
 125   1          BITEK_TxBurst(VP_SHOW_DATE, sizeof(abDate) - 1, abDate);
 126   1      
 127   1          // Show VERSION string
 128   1          BITEK_TxBurst(VP_SHOW_VERSION, sizeof(abVersion) - 1, abVersion);
 129   1      
 130   1          BITEK_TxByte(BITEK_12D_OSD2_ATTR2, OSD2_ON);
 131   1      
 132   1          bOSD_Cnt = OSD_AUTO_START;
 133   1      
 134   1          // BL ON
 135   1          MCU_BL_ON;
 136   1      } /* DISPATCH_Task_BL_CNT */
 137          
 138          
 139          /* -------------------------------------------------------------------
 140              Name: main -
 141              Purpose:
 142              Passed: None.
 143              Returns: None.
 144              Notes:
 145             ------------------------------------------------------------------- */
 146          void main (void)
 147          {
 148   1          /* Power-On Reset */
 149   1          POR_Init();
 150   1      
 151   1      
 152   1          for (;;)
 153   1          {
 154   2              #ifdef FOR_DEBUG
                      if (fTIMER0_Task)
                      {
                          OSD_ShowValue(VP_SHOW_TIMER0, wTIMER0_TickCnt, 10000, ' ');
                          fTIMER0_Task = FALSE;
                      }
              
                      OSD_ShowValue(VP_SHOW_TIMER1, bOSD_Cnt, 10000, ' ');
                      if (fTIMER1_Task)
                      {
                          OSD_ShowValue(VP_SHOW_TIMER1, wTIMER1_TickCnt, 10000, ' ');
                          fTIMER1_Task = FALSE;
                      }
              
                      if (fTIMER2_Task)
                      {
                          OSD_ShowValue(VP_SHOW_TIMER2, wTIMER2_TickCnt, 10000, ' ');
                          fTIMER2_Task = FALSE;
                      }
              
                      #endif
 175   2      
 176   2      
 177   2              #if (DEBUG_MCU)
 178   2              OSD_ShowHex(VP_SHOW_DEBUG0 + 5, bMCU_INT0_Cnt);
C51 COMPILER V9.54   MAIN                                                                  10/20/2015 11:39:08 PAGE 4   

 179   2              OSD_ShowHex(VP_SHOW_DEBUG1 + 5, bMCU_INT1_Cnt);
 180   2              OSD_ShowHex(VP_SHOW_DEBUG2 + 5, BITEK_RxByte(BITEK_1E5_VD_INFO_O));
 181   2              OSD_ShowHex(VP_SHOW_DEBUG3 + 5, BITEK_RxByte(BITEK_1E6_STD_INFO_O));
 182   2              OSD_ShowValue(VP_SHOW_TIMER0, bVD_STD_Cnt, 10000, ' ');
 183   2      
 184   2              BITEK_TxByte(BITEK_11D_OSD1_ATTR2, OSD1_ON);
 185   2              #endif
 186   2      
 187   2      
 188   2              if (bMCU_BL_Cnt)
 189   2              {
 190   3                  if (bMCU_BL_Cnt <= BL_STOP)
 191   3                  {
 192   4                      DISPATCH_Task_BL_CNT();
 193   4      
 194   4                      bMCU_BL_Cnt = 0;
 195   4                  }
 196   3              }
 197   2      
 198   2              if (bVD_STD_Cnt)
 199   2              {
 200   3                  if (bVD_STD_Cnt <= STD_STOP)
 201   3                  {
 202   4                      VP_STD_Detect();
 203   4      
 204   4                      bVD_STD_Cnt = 0;
 205   4                  }
 206   3              }
 207   2      
 208   2              if (bOSD_Cnt)
 209   2              {
 210   3                  if (bOSD_Cnt <= OSD_AUTO_STOP)
 211   3                  {
 212   4                      BITEK_TxByte(BITEK_10D_OSD0_ATTR2, OSD0_OFF);
 213   4                      BITEK_TxByte(BITEK_12D_OSD2_ATTR2, OSD2_OFF);
 214   4      
 215   4                      bOSD_Cnt = 0;
 216   4                  }
 217   3              }
 218   2      
 219   2      
 220   2              /* ....................................
 221   2                  SARADC module
 222   2                  .................................... */
 223   2              if (fSARADC_VR_Task)
 224   2              {
 225   3                  SARADC_VR_Task();
 226   3      
 227   3                  fSARADC_VR_Task = FALSE;
 228   3              }
 229   2      
 230   2          } /* for endless loop */
 231   1      } /* main */
 232          
 233          
 234          /* -------------------------------------------------------------------
 235              Name:  -
 236              Purpose: .
 237              Passed: None.
 238              Returns: None.
 239              Notes:
 240             ------------------------------------------------------------------- */
C51 COMPILER V9.54   MAIN                                                                  10/20/2015 11:39:08 PAGE 5   

 241          
 242          /* **********************************************************************
 243          
 244              Description:
 245          
 246          
 247             ********************************************************************** */
 248          
 249          /* %% End Of File %%%%%%%%%%%%%%%%%%%%%%%%%%%%%%%%%%%%%%%%%%%%%%%%%%%%%%% */


MODULE INFORMATION:   STATIC OVERLAYABLE
   CODE SIZE        =    186    ----
   CONSTANT SIZE    =     39    ----
   XDATA SIZE       =   ----    ----
   PDATA SIZE       =   ----    ----
   DATA SIZE        =   ----    ----
   IDATA SIZE       =   ----    ----
   BIT SIZE         =   ----    ----
END OF MODULE INFORMATION.


C51 COMPILATION COMPLETE.  0 WARNING(S),  0 ERROR(S)
